INFO2024/10/31 13:16:01 /home/kyri/myThesis/internal/logger/logger.go:29: File logger initialized.
INFO2024/10/31 13:18:23 /home/kyri/myThesis/internal/logger/logger.go:29: File logger initialized.
